// Jest Snapshot v1, https://goo.gl/fbAQLP

exports[`Snapshot for CalendarSidebarItem Component 1`] = `
<div
  className="calendar-sidebar-item-000"
>
  <div
    style={
      Object {
        "alignItems": "center",
        "display": "flex",
        "flexDirection": "row",
      }
    }
  >
    <EventDoneIndicator
      _isDone={true}
      hex_color="#4286f4"
      hide_tick_on_false={true}
      patchFunction={[Function]}
      squareShaped={true}
    />
    <form
      className="calendar-sidebar-item-title-form-002"
      onSubmit={[Function]}
    >
      <input
        autoComplete="off"
        disabled={true}
        id="calendar-sidebar-item-input-inside-form-5c373f59d64892352c703256"
        name="title"
        onBlur={[Function]}
        onChange={[Function]}
        value=". . ."
      />
    </form>
  </div>
  <GroupOptDropdownComp
    asyncDeleteGroup={[MockFunction]}
    asyncEditGroup={[MockFunction]}
    changeColorFunc={[MockFunction]}
    color_options={
      Array [
        "#f03434",
        "#4286f4",
        "#f7ca18",
        "#ff9b17",
        "#00b16a",
      ]
    }
    color_panel={
      Object {
        "screenX": null,
        "screenY": null,
        "visible": false,
      }
    }
    dropdown_visible={false}
    group={
      Object {
        "__v": 0,
        "_creator": "5c373f59d64892352c703255",
        "_id": "5c373f59d64892352c703256",
        "_isDeleted": false,
        "_isOnCalendar": true,
        "_isPermanent": true,
        "_rank": 0,
        "hex_color": "#4286f4",
        "title": "Tasks",
      }
    }
    index={0}
    input_disable={true}
    onRenameClick={[Function]}
    positionObj={
      Object {
        "bottom": "calc(100vh - 8px)",
        "left": "calc(nullpx - 8px)",
      }
    }
    screenX={null}
    screenY={null}
    setParentState={[Function]}
    subPositionObj={
      Object {
        "bottom": "calc(100vh - 8px)",
        "left": "calc(nullpx - 8px)",
      }
    }
    title=". . ."
    windowHeightDiff={0}
  >
    <button
      className="calendar-sidebar-item-options-btn"
      name="More Options"
      onClick={[Function]}
    >
      <FaEllipsisV />
    </button>
  </GroupOptDropdownComp>
</div>
`;
