// Jest Snapshot v1, https://goo.gl/fbAQLP

exports[`Snapshot for TodoPage Component 1`] = `
<Connect(TodoPage)
  auth={Object {}}
  events={
    Array [
      Object {
        "__v": 0,
        "_creator": "5c373f59d64892352c703255",
        "_group": "5c375e536f0de60df8c62f9e",
        "_id": "5c3e37f1b029023bcc7a4e81",
        "_isDeleted": false,
        "_isDone": false,
        "_rank": 15,
        "date_from": 1547490600000,
        "date_to": 1547490600000,
        "description": "",
        "hex_color": "#2ecc71",
        "notification": false,
        "title": "ndnv",
      },
      Object {
        "__v": 0,
        "_creator": "5c373f59d64892352c703255",
        "_group": "5c38b60d5a84ae04e85e9d21",
        "_id": "5c3e37f4b029023bcc7a4e83",
        "_isDeleted": false,
        "_isDone": false,
        "_rank": 16,
        "date_from": 1547490600000,
        "date_to": 1547490600000,
        "description": "",
        "hex_color": "#2ecc71",
        "notification": false,
        "title": "jdavjd",
      },
      Object {
        "__v": 0,
        "_creator": "5c373f59d64892352c703255",
        "_group": "5c373f59d64892352c703256",
        "_id": "5c3e9c5a2e22563e78433c4d",
        "_isDeleted": false,
        "_isDone": false,
        "_rank": 52,
        "date_from": 1547577000000,
        "date_to": 1547577000000,
        "description": "",
        "hex_color": "#59abe3",
        "notification": false,
        "title": "What",
      },
      Object {
        "__v": 0,
        "_creator": "5c373f59d64892352c703255",
        "_group": "5c373f59d64892352c703256",
        "_id": "5c3e9ebdbd71cf35cc3f746f",
        "_isDeleted": false,
        "_isDone": false,
        "_rank": 35,
        "date_from": 1539109800000,
        "date_to": 1540146600000,
        "description": "",
        "hex_color": "#59abe3",
        "notification": false,
        "title": "dvdds",
      },
      Object {
        "__v": 0,
        "_creator": "5c373f59d64892352c703255",
        "_group": "5c373f59d64892352c703256",
        "_id": "5c3e9ec4bd71cf35cc3f7471",
        "_isDeleted": false,
        "_isDone": false,
        "_rank": 50,
        "date_from": 1548009000000,
        "date_to": 1548009000000,
        "description": "",
        "hex_color": "#59abe3",
        "notification": false,
        "title": "Yh",
      },
    ]
  }
  groups={
    Array [
      Object {
        "__v": 0,
        "_creator": "5c373f59d64892352c703255",
        "_id": "5c373f59d64892352c703256",
        "_isDeleted": false,
        "_isOnCalendar": true,
        "_isPermanent": true,
        "_rank": 0,
        "hex_color": "#4286f4",
        "title": "Tasks",
      },
      Object {
        "__v": 0,
        "_creator": "5c373f59d64892352c703255",
        "_id": "5c3742106f0de60df8c62f82",
        "_isDeleted": false,
        "_isOnCalendar": true,
        "_isPermanent": false,
        "_rank": 3,
        "hex_color": "#f7ca18",
        "title": "Todos",
      },
      Object {
        "__v": 0,
        "_creator": "5c373f59d64892352c703255",
        "_id": "5c38b60e5a84ae04e85e9d22",
        "_isDeleted": false,
        "_isOnCalendar": true,
        "_isPermanent": false,
        "_rank": 5,
        "hex_color": "#2ecc71",
        "title": "x",
      },
      Object {
        "__v": 0,
        "_creator": "5c373f59d64892352c703255",
        "_id": "5c3fb10855de832ac8e374b2",
        "_isDeleted": false,
        "_isOnCalendar": true,
        "_isPermanent": false,
        "_rank": 10,
        "hex_color": "#2ecc71",
        "title": "New",
      },
    ]
  }
  handleAppMode={[MockFunction]}
  setReduxCalendar={[MockFunction]}
  sideBar={true}
/>
`;
